../Core/Src/main.c:100:5:main	8	static
../Core/Src/main.c:191:6:SystemClock_Config	88	static
../Core/Src/main.c:238:13:MX_TIM2_Init	64	static
../Core/Src/main.c:297:13:MX_USART2_UART_Init	8	static
../Core/Src/main.c:330:13:MX_GPIO_Init	48	static
../Core/Src/main.c:386:6:StartBlink01	16	static
../Core/Src/main.c:410:6:StartBlink02	16	static
../Core/Src/main.c:433:6:PWM_LED1	16	static
../Core/Src/main.c:461:6:HAL_TIM_PeriodElapsedCallback	16	static
../Core/Src/main.c:478:6:Error_Handler	4	static,ignoring_inline_asm
